== Базовые операции ==

Прежде чем погружаться в дебри многочисленных команд Git, попробуйте воспользоваться приведёнными ниже простыми примерами, чтобы немного освоиться. Несмотря на свою простоту, каждый из них является полезным. На самом деле, первые месяцы использования Git я не выходил за рамки материала, изложенного в этой главе.

=== Сохранение состояния ===

Выполняете опасную операцию? Прежде чем сделать это, создайте снимок всех файлов в текущем каталоге с помощью команд:

 $ git init
 $ git add .
 $ git commit -m "Моя первая резервная копия"

Теперь, если ваши новые правки всё испортили, восстановите первоначальную версию:

 $ git reset --hard

Чтобы вновь сохраниться, выполните:

 $ git commit -a -m "Другая резервная копия"

=== Добавление, удаление, переименование ===

Приведенный выше пример отслеживает только те файлы, которые существовали при первом запуске *git add*. Если хотите добавить новые файлы или подкаталоги, вам придётся сказать Git:

 $ git add readme.txt Documentation

Аналогично, если вы хотите, чтобы Git забыл о некоторых файлах:

 $ git rm ляп.h старьё.c
 $ git rm -r улики/

Git удалит эти файлы для вас, если вы не удалили их сами.

Переименование файла — это то же, что и удаление старого имени и добавления нового. Для этого есть *git mv*, которая имеет тот же синтаксис, что и команда *mv*. Например:

 $ git mv bug.c feature.c

=== Расширенная отмена/восстановление ===

Иногда вы просто хотите вернуться к определенной точке и забыть все изменения, потому что все они были неправильными. В таком случае

 $ git log

покажет вам список последних изменений (коммитов, прим. пер.) и их SHA1 хеши:

----------------------------------
commit 766f9881690d240ba334153047649b8b8f11c664
Author: Bob <bob@example.com>
Date:   Tue Mar 14 01:59:26 2000 -0800

    Replace printf() with write().

commit 82f5ea346a2e651544956a8653c0f58dc151275c
Author: Alice <alice@example.com>
Date:   Thu Jan 1 00:00:00 1970 +0000

    Initial commit.
----------------------------------

Для указания конкретного коммита достаточно первых нескольких символов его хеша, но вы можете скопировать и весь хеш. Наберите:

 $ git reset --hard 766f

для восстановления состояния до указанного коммита и удаления всех последующих безвозвратно.

Возможно, в другой раз вы захотите быстро вернуться к старому состоянию. В этом случае наберите:

 $ git checkout 82f5

Это перенесет вас назад во времени, сохранив при этом более новые коммиты. Как и в фантастических фильмах о путешествиях во времени, если вы теперь отредактируете и закоммитите код, вы будете находиться в альтернативной реальности, потому что ваши действия отличаются от тех, что вы делали до этого.

Эта альтернативная реальность называется «ветвь» (branch, прим. пер.), и <<branch,чуть позже мы поговорим об этом>>. А сейчас просто запомните, что команда

 $ git checkout master

вернёт вас обратно в настоящее. Кроме того, чтобы не получать предупреждений от Git, всегда делайте commit или сбрасывайте изменения перед запуском checkout.

Ещё раз воспользуемся терминологией компьютерных игр:

- *`git reset --hard`*: загружает ранее сохраненную игру и удаляет все версии, сохраненные после только что загруженной.

- *`git checkout`*: загружает старую игру, но если вы продолжаете играть, состояние игры будет отличаться от более новых сохранений, которые вы сделали в первый раз. Любая игра, которую вы теперь сохраняете, попадает в отдельную ветвь, представляющую альтенативную реальность, в которую вы попали. <<branch,Как мы договорились, о ветках поговорим позже>>.

Вы можете выбрать для восстановления только определенные файлы и подкаталоги, перечислив их имена после команды:

 $ git checkout 82f5 какой-то.файл другой.файл

Будьте внимательны: такая форма *checkout* может незаметно перезаписать файлы. Чтобы избежать неприятных неожиданностей, выполняйте commit перед checkout, особенно если вы только осваиваетесь с Git. Вообще, если вы не уверены в какой-либо операции, будь то команда Git или нет, прежде выполните *git commit -a*.

Не любите копировать и вставлять хеши? Используйте

 $ git checkout :/"Моя первая р"

для перехода на коммит, чьё описание начинается с приведенной строки.

Можно также запросить 5-ое с конца сохраненное состояние:

 $ git checkout master~5

=== Откаты ===

В зале суда в протокол могут вноситься изменения прямо во время слушания. Подобным образом и вы можете выбирать коммиты для отката.

 $ git commit -a
 $ git revert 1b6d

отменит коммит с выбранным хешем. Откат будет сохранён в виде нового коммита. Можете запустить *git log*, чтобы убедиться в этом.

=== Создание списка изменений ===

Некоторым проектам требуется http://en.wikipedia.org/wiki/Changelog[список изменений] (changelog, прим. пер.). Создать такой список вы можете, просто направив вывод *git log* в файл:

 $ git log > ChangeLog

=== Скачивание файлов ===

Получить копию проекта под управлением Git можно, набрав

 $ git clone git://сервер/путь/до/файлов

Например, чтобы получить все исходные файлы этого сайта (документа):

 $ git clone git://git.or.cz/gitmagic.git

Мы поговорим больше о команде *clone* позже.

=== На острие ножа ===

Если вы уже загрузили копию проекта с помощью *git clone*, то можете обновить его до последней версии, используя

 $ git pull

=== Публичный доступ ===

Предположим, вы написали скрипт, которым хотите поделиться с другими. Можно просто позволить всем загружать его с вашего компьютера, но если они будут делать это в то время, как вы дорабатываете его или добавляете экспериментальную функциональность, у них могут возникнуть проблемы. Очевидно, поэтому и существуют циклы разработки. Разработчики могут долго работать над проектом, но делают код общедоступным только после того, как приведут его в приличный вид.

Чтобы сделать это с помощью Git, выполните в каталоге, где лежит ваш скрипт,

 $ git init
 $ git add .
 $ git commit -m "Первый релиз"

Затем скажите вашим пользователям запустить

 $ git clone ваш.компьютер:/путь/до/скрипта

для того, чтобы загрузить ваш скрипт. Здесь подразумевается, что у вас есть доступ по ssh. Если нет, запустите *git daemon* и скажите остальным использовать

 $ git clone git://ваш.компьютер/путь/до/скрипта

Теперь, всякий раз когда ваш скрипт готов к релизу, выполняйте

 $ git commit -a -m "Следующий релиз"

и ваши пользователи смогут обновить свои версии, перейдя в каталог, содержащий ваш скрипт, и набрав

 $ git pull

ваши пользователи никогда не наткнутся на версии скрипта, доступ к которым вы скрываете.

=== Что я сделал? ===

Выясните, какие изменения вы сделали со времени последнего коммита:

 $ git diff

Или со вчерашнего дня:

 $ git diff "@{yesterday}"

Или между определенной версией и версией, сделанной 2 коммита назад:

 $ git diff 1b6d "master~2"

В каждом случае на выходе будет патч, который может быть применён с помощью *git apply*. Попробуйте также:

 $ git whatchanged --since="2 weeks ago"

Часто вместо этого я смотрю историю при помощи http://sourceforge.net/projects/qgit[qgit], из-за приятного интерфейса, или с помощью http://jonas.nitro.dk/tig[tig] с текстовым интерфейсом, который хорошо работает при медленном соединении. Как вариант, установите веб-сервер, введите *git instaweb* и запустить любой веб-браузер.

=== Упражнение ===

Пусть A, B, C, D — четыре последовательных коммита, где В отличается от A лишь несколькими удаленными файлами. Мы хотим вернуть эти файлы в D. Как это можно сделать?

Существует как минимум три решения. Предположим, что мы находимся на D.

  1. Разница между A и B — удаление файлов.
  Мы можем создать патч, отражающий эти изменения, и применить его:

   $ git diff B A | git apply

  2. Поскольку в коммите A мы сохранили файлы, то можем получить их обратно:

   $ git checkout A foo.c bar.h

  3. Мы можем рассматривать переход от A к B как изменения, которые хотим отменить:

   $ git revert B

Какой способ лучше? Тот, который вам больше нравится. С помощью Git легко получить желаемое, а часто существует много способов это сделать.
